Please indicate which file format you'll be using for individuals
     Enter 1 for PED / Plink
     Enter 2 for PHASE / HapMap
Please enter the MAP file name
Please enter the PED file name
Please indicate output file location: 
